// Jest Snapshot v1, https://goo.gl/fbAQLP

exports[`SearchInput when the SearchInput is rendered should have a consistent snapshot 1`] = `
<div>
  <div
    class="SearchInput__Wrapper-sc-16ggnbp-0 mNaa-d"
  >
    <div
      class="SearchInput__InputWrapper-sc-16ggnbp-2 bdJLXi"
    >
      <svg
        aria-hidden="true"
        class="SearchInput__Icon-sc-16ggnbp-1 kYqEic"
        focusable="false"
        viewBox="0 0 24 24"
      >
        <path
          d="M15.5 14h-.79l-.28-.27C15.41 12.59 16 11.11 16 9.5 16 5.91 13.09 3 9.5 3S3 5.91 3 9.5 5.91 16 9.5 16c1.61 0 3.09-.59 4.23-1.57l.27.28v.79l5 4.99L20.49 19l-4.99-5zm-6 0C7.01 14 5 11.99 5 9.5S7.01 5 9.5 5 14 7.01 14 9.5 11.99 14 9.5 14z"
        />
      </svg>
      <datalist
        id="searchQueries"
      >
        <option
          value="asd"
        />
        <option
          value="dfg"
        />
        <option
          value="fgh"
        />
      </datalist>
      <input
        class="SearchInput__Input-sc-16ggnbp-3 ifeTUt"
        list="searchQueries"
        placeholder="mockLabel"
        type="search"
      />
    </div>
  </div>
</div>
`;
